line three
line 1
line 3
line four
line 2 
line 4
line two
