
I'm the cult of personality
Neon lights, a Nobel Prize
[John Cena]
Plus I'm stormin' on you chumps like I'm thunder and lightning
