line 1
line 1
line 1
line 2 
line 3
line 4
line four
line four
line three
line three
line two
line two
