2
4
19
16
8
13
20
15
18
17
7
6
12
9
1
11
5
3
10
14
