be
cat
room
sleep
forest
hunter
bicycle
abortion
adaptable
programmer
