sell
safe
rowdy
roof
raid
quote
quantity
quart
nobody
night
negative
might
mall
mom
leach
leprechaun
lemon
kill
kind
kick
job
jolly
jockey
interest
india
ink
height
hall
hockey
gamble
great
gay
fight
fool
for
enter
elephant
example
door
donkey
daddy
car
cool
cat
bone
big
ball
amber
actor
apple
zap
zesty
zoo
yacht
young
youtube
xerox
xbox
xylophone
will
want
war
violence
video
victory
under
up
urban
time
telephone
titan
sex
